{
  "listeners": [
   {
    "address": "tcp://0.0.0.0:443",
    "name": "http_0.0.0.0_443",
    "filters": [
     {
      "type": "read",
      "name": "http_connection_manager",
      "config": {
       "codec_type": "auto",
       "stat_prefix": "http",
       "generate_request_id": true,
       "use_remote_address": true,
       "tracing": {
        "operation_name": "ingress"
       },
       "filters": [
        {
         "type": "decoder",
         "name": "mixer",
         "config": {
          "mixer_attributes": {
           "destination.ip": "10.3.3.3",
           "destination.uid": "kubernetes://ingress.default"
          },
          "forward_attributes": {
           "source.ip": "10.3.3.3",
           "source.uid": "kubernetes://ingress.default"
          },
          "quota_name": "RequestCount",
          "v2": {
           "forwardAttributes": {
            "attributes": {
             "source.ip": {
              "bytesValue": "AAAAAAAAAAAAAP//CgMDAw=="
             },
             "source.uid": {
              "stringValue": "kubernetes://ingress.default"
             }
            }
           },
           "mixerAttributes": {
            "attributes": {
             "destination.ip": {
              "bytesValue": "AAAAAAAAAAAAAP//CgMDAw=="
             },
             "destination.uid": {
              "stringValue": "kubernetes://ingress.default"
             }
            }
           },
           "serviceConfigs": {}
          }
         }
        },
        {
         "type": "",
         "name": "cors",
         "config": {}
        },
        {
         "type": "decoder",
         "name": "router",
         "config": {}
        }
       ],
       "access_log": [
        {
         "path": "/dev/stdout"
        }
       ]
      }
     }
    ],
    "ssl_context": {
     "cert_chain_file": "/etc/certs/server.pem",
     "private_key_file": "/etc/certs/key.pem",
     "require_client_certificate": false,
     "alpn_protocols": "h2,http/1.1"
    },
    "bind_to_port": true
   },
   {
    "address": "tcp://0.0.0.0:80",
    "name": "http_0.0.0.0_80",
    "filters": [
     {
      "type": "read",
      "name": "http_connection_manager",
      "config": {
       "codec_type": "auto",
       "stat_prefix": "http",
       "generate_request_id": true,
       "use_remote_address": true,
       "tracing": {
        "operation_name": "ingress"
       },
       "filters": [
        {
         "type": "decoder",
         "name": "mixer",
         "config": {
          "mixer_attributes": {
           "destination.ip": "10.3.3.3",
           "destination.uid": "kubernetes://ingress.default"
          },
          "forward_attributes": {
           "source.ip": "10.3.3.3",
           "source.uid": "kubernetes://ingress.default"
          },
          "quota_name": "RequestCount",
          "v2": {
           "forwardAttributes": {
            "attributes": {
             "source.ip": {
              "bytesValue": "AAAAAAAAAAAAAP//CgMDAw=="
             },
             "source.uid": {
              "stringValue": "kubernetes://ingress.default"
             }
            }
           },
           "mixerAttributes": {
            "attributes": {
             "destination.ip": {
              "bytesValue": "AAAAAAAAAAAAAP//CgMDAw=="
             },
             "destination.uid": {
              "stringValue": "kubernetes://ingress.default"
             }
            }
           },
           "serviceConfigs": {}
          }
         }
        },
        {
         "type": "",
         "name": "cors",
         "config": {}
        },
        {
         "type": "decoder",
         "name": "router",
         "config": {}
        }
       ],
       "access_log": [
        {
         "path": "/dev/stdout"
        }
       ]
      }
     }
    ],
    "bind_to_port": true
   },
   {
    "address": "tcp://0.0.0.0:8080",
    "name": "http_0.0.0.0_8080",
    "filters": [
     {
      "type": "read",
      "name": "http_connection_manager",
      "config": {
       "codec_type": "auto",
       "stat_prefix": "http",
       "generate_request_id": true,
       "use_remote_address": true,
       "tracing": {
        "operation_name": "ingress"
       },
       "rds": {
         "cluster": "rds",
         "route_config_name": "public-http",
         "refresh_delay_ms": 10
       },
       "filters": [
        {
         "type": "decoder",
         "name": "mixer",
         "config": {
          "mixer_attributes": {
           "destination.ip": "10.3.3.3",
           "destination.uid": "kubernetes://ingress.default"
          },
          "forward_attributes": {
           "source.ip": "10.3.3.3",
           "source.uid": "kubernetes://ingress.default"
          },
          "quota_name": "RequestCount",
          "v2": {
           "forwardAttributes": {
            "attributes": {
             "source.ip": {
              "bytesValue": "AAAAAAAAAAAAAP//CgMDAw=="
             },
             "source.uid": {
              "stringValue": "kubernetes://ingress.default"
             }
            }
           },
           "mixerAttributes": {
            "attributes": {
             "destination.ip": {
              "bytesValue": "AAAAAAAAAAAAAP//CgMDAw=="
             },
             "destination.uid": {
              "stringValue": "kubernetes://ingress.default"
             }
            }
           },
           "serviceConfigs": {}
          }
         }
        },
        {
         "type": "",
         "name": "cors",
         "config": {}
        },
        {
         "type": "decoder",
         "name": "router",
         "config": {}
        }
       ],
       "access_log": [
        {
         "path": "/dev/stdout"
        }
       ]
      }
     }
    ],
    "bind_to_port": true
   },
   {
    "address": "tcp://0.0.0.0:8443",
    "name": "http_0.0.0.0_8443",
    "filters": [
     {
      "type": "read",
      "name": "http_connection_manager",
      "config": {
       "codec_type": "auto",
       "stat_prefix": "http",
       "generate_request_id": true,
       "use_remote_address": true,
       "tracing": {
        "operation_name": "ingress"
       },
       "rds": {
         "cluster": "rds",
         "route_config_name": "public-https",
         "refresh_delay_ms": 10
       },
       "filters": [
        {
         "type": "decoder",
         "name": "mixer",
         "config": {
          "mixer_attributes": {
           "destination.ip": "10.3.3.3",
           "destination.uid": "kubernetes://ingress.default"
          },
          "forward_attributes": {
           "source.ip": "10.3.3.3",
           "source.uid": "kubernetes://ingress.default"
          },
          "quota_name": "RequestCount",
          "v2": {
           "forwardAttributes": {
            "attributes": {
             "source.ip": {
              "bytesValue": "AAAAAAAAAAAAAP//CgMDAw=="
             },
             "source.uid": {
              "stringValue": "kubernetes://ingress.default"
             }
            }
           },
           "mixerAttributes": {
            "attributes": {
             "destination.ip": {
              "bytesValue": "AAAAAAAAAAAAAP//CgMDAw=="
             },
             "destination.uid": {
              "stringValue": "kubernetes://ingress.default"
             }
            }
           },
           "serviceConfigs": {}
          }
         }
        },
        {
         "type": "",
         "name": "cors",
         "config": {}
        },
        {
         "type": "decoder",
         "name": "router",
         "config": {}
        }
       ],
       "access_log": [
        {
         "path": "/dev/stdout"
        }
       ]
      }
     }
    ],
    "ssl_context": {
     "cert_chain_file": "/etc/certs/server.pem",
     "private_key_file": "/etc/certs/key.pem",
     "require_client_certificate": false,
     "alpn_protocols": "h2,http/1.1"
    },
    "bind_to_port": true
   }
  ]
 }
